Microchip MPLAB XC8 Compiler V1.34 ()

Linker command line:

--edf=/opt/microchip/xc8/v1.34/dat/en_msgs.txt -cs \
  -h+dist/default/production/protpn.X.production.sym \
  --cmf=dist/default/production/protpn.X.production.cmf -z -Q18F4550 \
  -o/tmp/cgt9zJgJ1 -Mdist/default/production/protpn.X.production.map -E1 \
  -ver=XC8 -ASTACK=096h-07ffh -pstack=STACK -ACODE=01000h-07FFFh \
  -ACONST=01000h-07FFFh -ASMALLCONST=01000h-010FFhx112 \
  -AMEDIUMCONST=01000h-07FFFh -ACOMRAM=01h-05Fh -AABS1=00h-07FFh \
  -ABIGRAM=01h-07FFh -ARAM=060h-0FFh,0100h-01FFhx7 -ABANK0=060h-0FFh \
  -ABANK1=0100h-01FFh -ABANK2=0200h-02FFh -ABANK3=0300h-03FFh \
  -ABANK4=0400h-04FFh -ABANK5=0500h-05FFh -ABANK6=0600h-06FFh \
  -ABANK7=0700h-07FFh -ASFR=0F60h-0FFFh \
  -preset_vec=01000h,intcode=01008h,intcodelo,powerup,init,end_init \
  -pramtop=0800h -psmallconst=SMALLCONST -pmediumconst=MEDIUMCONST \
  -pconst=CONST -AFARRAM=00h-00h -ACONFIG=0300000h-030000Dh -pconfig=CONFIG \
  -AIDLOC=0200000h-0200007h -pidloc=IDLOC -AEEDATA=0F00000h-0F000FFh \
  -peeprom_data=EEDATA \
  -prdata=COMRAM,nvrram=COMRAM,nvbit=COMRAM,rbss=COMRAM,rbit=COMRAM \
  -pfarbss=FARRAM,fardata=FARRAM,nvFARRAM=FARRAM \
  -pintsave_regs=BIGRAM,bigbss=BIGRAM,bigdata=BIGRAM -pbss=RAM \
  -pidata=CODE,irdata=CODE,ibigdata=CODE,ifardata=CODE -prparam=COMRAM \
  /tmp/cgtYtjm8q.obj dist/default/production/protpn.X.production.obj 

Object code version is 3.11

Machine type is 18F4550

Call graph: (short form)




                Name                               Link     Load   Length Selector   Space Scale
/tmp/cgtYtjm8q.obj
                end_init                           1018     1018        4      804       0
                reset_vec                          1000     1000        4      800       0
                idloc                            200000   200000        8   200000       0
                config                           300000   300000        E   300000       0
dist/default/production/protpn.X.production.obj
                intcode                            1008     1008       10      804       0
                smallconst                         101C     101C       56      80E       0
                text38                             2764     2764       24      839       0
                text37                             26BE     26BE       30      839       0
                intcode_body                       21AC     21AC       82      839       0
                text35                             2428     2428       4E      839       0
                text34                             27EA     27EA        E      839       0
                text33                             27F8     27F8        4      839       0
                text32                             236E     236E       5E      839       0
                text31                             27C8     27C8       12      839       0
                text30                             2652     2652       38      839       0
                text29                             27DA     27DA       10      839       0
                text28                             2596     2596       44      839       0
                text27                             2552     2552       44      839       0
                text26                             1E6E     1E6E       C6      839       0
                text25                             2616     2616       3C      839       0
                text24                             1BA2     1BA2      100      839       0
                text23                             2718     2718       28      839       0
                text22                             2788     2788       22      839       0
                text21                             1D9A     1D9A       D4      839       0
                text20                             26EE     26EE       2A      839       0
                text19                             1FDE     1FDE       A6      839       0
                text18                             1CA2     1CA2       F8      839       0
                text17                             2740     2740       24      839       0
                text16                             17B2     17B2      1C4      839       0
                text15                             250E     250E       44      839       0
                text14                             1A94     1A94      10E      839       0
                text13                             230E     230E       60      839       0
                text12                             2120     2120       8C      839       0
                text11                             229E     229E       70      839       0
                text10                             1072     1072      41C      839       0
                text9                              1976     1976      11E      839       0
                text8                              25DA     25DA       3C      839       0
                text7                              2084     2084       9C      839       0
                text6                              222E     222E       70      839       0
                text5                              268A     268A       34      839       0
                text4                              23CC     23CC       5C      839       0
                text3                              24C2     24C2       4C      839       0
                text2                              1F34     1F34       AA      839       0
                text1                              2476     2476       4C      839       0
                text0                              148E     148E      324      839       0
                cstackCOMRAM                          1        1       36        1       1
                cstackBANK0                          60       60       1F       60       1
                bssBANK0                             7F       7F       17       60       1
                bssCOMRAM                            37       37       14        1       1
                cinit                              27AA     27AA       1E      839       0

TOTAL           Name                               Link     Load   Length     Space
        CLASS   STACK          

        CLASS   CODE           
                end_init                           1018     1018        4         0
                intcode                            1008     1008       10         0
                reset_vec                          1000     1000        4         0
                text38                             2764     2764       24         0
                text37                             26BE     26BE       30         0
                intcode_body                       21AC     21AC       82         0
                text35                             2428     2428       4E         0
                text34                             27EA     27EA        E         0
                text33                             27F8     27F8        4         0
                text32                             236E     236E       5E         0
                text31                             27C8     27C8       12         0
                text30                             2652     2652       38         0
                text29                             27DA     27DA       10         0
                text28                             2596     2596       44         0
                text27                             2552     2552       44         0
                text26                             1E6E     1E6E       C6         0
                text25                             2616     2616       3C         0
                text24                             1BA2     1BA2      100         0
                text23                             2718     2718       28         0
                text22                             2788     2788       22         0
                text21                             1D9A     1D9A       D4         0
                text20                             26EE     26EE       2A         0
                text19                             1FDE     1FDE       A6         0
                text18                             1CA2     1CA2       F8         0
                text17                             2740     2740       24         0
                text16                             17B2     17B2      1C4         0
                text15                             250E     250E       44         0
                text14                             1A94     1A94      10E         0
                text13                             230E     230E       60         0
                text12                             2120     2120       8C         0
                text11                             229E     229E       70         0
                text10                             1072     1072      41C         0
                text9                              1976     1976      11E         0
                text8                              25DA     25DA       3C         0
                text7                              2084     2084       9C         0
                text6                              222E     222E       70         0
                text5                              268A     268A       34         0
                text4                              23CC     23CC       5C         0
                text3                              24C2     24C2       4C         0
                text2                              1F34     1F34       AA         0
                text1                              2476     2476       4C         0
                text0                              148E     148E      324         0
                cinit                              27AA     27AA       1E         0

        CLASS   CONST          

        CLASS   SMALLCONST     
                smallconst                         101C     101C       56         0

        CLASS   MEDIUMCONST    

        CLASS   COMRAM         
                cstackCOMRAM                          1        1       36         1
                bssCOMRAM                            37       37       14         1

        CLASS   ABS1           

        CLASS   BIGRAM         

        CLASS   RAM            

        CLASS   BANK0          
                cstackBANK0                          60       60       1F         1
                bssBANK0                             7F       7F       17         1

        CLASS   BANK1          

        CLASS   BANK2          

        CLASS   BANK3          

        CLASS   BANK4          

        CLASS   BANK5          

        CLASS   BANK6          

        CLASS   BANK7          

        CLASS   SFR            

        CLASS   FARRAM         

        CLASS   CONFIG         
                config                           300000   300000        E         0

        CLASS   IDLOC          
                idloc                            200000   200000        8         0

        CLASS   EEDATA         



SEGMENTS        Name                           Load    Length   Top    Selector   Space  Class

                cstackCOMRAM                   000001  00004A  00004B         1       1  COMRAM  
                cstackBANK0                    000060  000036  000096        60       1  BANK0   
                reset_vec                      001000  000004  001004       800       0  CODE    
                intcode                        001008  000014  00101C       804       0  CODE    
                smallconst                     00101C  000056  001072       80E       0  SMALLCON
                text10                         001072  00178A  0027FC       839       0  CODE    
                idloc                          200000  000008  200008    200000       0  IDLOC   
                config                         300000  00000E  30000E    300000       0  CONFIG  


UNUSED ADDRESS RANGES

        Name                Unused          Largest block    Delta
        BANK0            000096-0000FF               6A
        BANK1            000100-0001FF              100
        BANK2            000200-0002FF              100
        BANK3            000300-0003FF              100
        BANK4            000400-0004FF              100
        BANK5            000500-0005FF              100
        BANK6            000600-0006FF              100
        BANK7            000700-0007FF              100
        BIGRAM           00004B-00005F               15
                         000096-0007FF              76A
        CODE             001004-001007                4
                         0027FC-007FFF             5804
        COMRAM           00004B-00005F               15
        CONST            001004-001007                4
                         0027FC-007FFF             5804
        EEDATA           F00000-F000FF              100
        FARRAM           000000-000000                1
        MEDIUMCONST      001004-001007                4
                         0027FC-007FFF             5804
        RAM              000096-0007FF              100
        SFR              000F60-000FFF               A0
        SMALLCONST       001004-001007                4
                         0027FC-007FFF              100
        STACK            000096-0007FF              76A

                                  Symbol Table

?_ReadADC                 cstackCOMRAM 000015
?___awtoft                cstackCOMRAM 000022
?___ftadd                 cstackCOMRAM 00001D
?___ftdiv                 cstackCOMRAM 00002C
?___ftmul                 cstackCOMRAM 00001D
?___ftneg                 cstackCOMRAM 000015
?___ftpack                cstackCOMRAM 000015
?___ftsub                 cstackCOMRAM 000029
?___fttol                 cstackCOMRAM 00002C
?___lldiv                 cstackCOMRAM 000015
?___llmod                 cstackCOMRAM 000022
?___lltoft                cstackCOMRAM 00001D
?___lwdiv                 cstackCOMRAM 000015
?___lwmod                 cstackCOMRAM 000015
?___wmul                  cstackCOMRAM 000015
?_atoi                    cstackCOMRAM 00001B
?_ftoa                    cstackBANK0  000070
?_sprintf                 cstackCOMRAM 00002B
OpenADC@config            cstackCOMRAM 000019
OpenADC@config2           cstackCOMRAM 000015
OpenADC@portconfig        cstackCOMRAM 000016
OpenPWM1@period           cstackCOMRAM 000015
OpenPWM2@ccp2mx           cstackCOMRAM 000016
OpenPWM2@period           cstackCOMRAM 000015
OpenUSART@config          cstackCOMRAM 000017
OpenUSART@spbrg           cstackCOMRAM 000015
ReadUSART@data            cstackCOMRAM 000001
SetDCPWM1@DCycle          cstackBANK0  000068
SetDCPWM1@dutycycle       cstackCOMRAM 000035
SetDCPWM2@DCycle          cstackBANK0  000068
SetDCPWM2@dutycycle       cstackCOMRAM 000035
_ADCON0                   (abs)        000FC2
_ADCON0bits               (abs)        000FC2
_ADCON1                   (abs)        000FC1
_ADCON2                   (abs)        000FC0
_ADRESH                   (abs)        000FC4
_ADRESL                   (abs)        000FC3
_Board_Init               text35       002428
_BusyADC                  text34       0027EA
_CCP1CON                  (abs)        000FBD
_CCP2CON                  (abs)        000FBA
_CCPR1L                   (abs)        000FBE
_CCPR2L                   (abs)        000FBB
_CMCON                    (abs)        000FB4
_ConvertADC               text33       0027F8
_INTCONbits               (abs)        000FF2
_IPR1bits                 (abs)        000F9F
_OpenADC                  text32       00236E
_OpenPWM1                 text31       0027C8
_OpenPWM2                 text30       002652
_OpenUSART                text6        00222E
_PIE1                     (abs)        000F9D
_PIE1bits                 (abs)        000F9D
_PIR1bits                 (abs)        000F9E
_PORTAbits                (abs)        000F80
_PORTB                    (abs)        000F81
_PORTCbits                (abs)        000F82
_PORTD                    (abs)        000F83
_PORTE                    (abs)        000F84
_PR2                      (abs)        000FCB
_RCON                     (abs)        000FD0
_RCREG                    (abs)        000FAE
_RCSTA                    (abs)        000FAB
_RCSTAbits                (abs)        000FAB
_RD0                      (abs)        007C18
_RD1                      (abs)        007C19
_RS232                    intcode      001008
_ReadADC                  text29       0027DA
_ReadUSART                text38       002764
_SPBRG                    (abs)        000FAF
_SPBRGH                   (abs)        000FB0
_SetDCPWM1                text28       002596
_SetDCPWM2                text27       002552
_T0CON                    (abs)        000FD5
_T2CON                    (abs)        000FCA
_T2CONbits                (abs)        000FCA
_TRISA                    (abs)        000F92
_TRISB                    (abs)        000F93
_TRISBbits                (abs)        000F93
_TRISC                    (abs)        000F94
_TRISCbits                (abs)        000F94
_TRISD                    (abs)        000F95
_TRISE                    (abs)        000F96
_TXSTA                    (abs)        000FAC
_TXSTAbits                (abs)        000FAC
_USART_Status             bssCOMRAM    000043
__HRAM                    (abs)        000000
__Habs1                   abs1         000000
__Hbank0                  bank0        000000
__Hbank1                  bank1        000000
__Hbank2                  bank2        000000
__Hbank3                  bank3        000000
__Hbank4                  bank4        000000
__Hbank5                  bank5        000000
__Hbank6                  bank6        000000
__Hbank7                  bank7        000000
__Hbigbss                 bigbss       000000
__Hbigdata                bigdata      000000
__Hbigram                 bigram       000000
__Hbss                    bss          000000
__HbssBANK0               bssBANK0     000000
__HbssCOMRAM              bssCOMRAM    000000
__Hcinit                  cinit        000000
__Hclrtext                clrtext      000000
__Hcomram                 comram       000000
__Hconfig                 config       30000E
__Hconst                  const        000000
__HcstackBANK0            cstackBANK0  000000
__HcstackCOMRAM           cstackCOMRAM 000000
__Hdata                   data         000000
__Heeprom_data            eeprom_data  000000
__Hend_init               end_init     00101C
__Hfarbss                 farbss       000000
__Hfardata                fardata      000000
__Hibigdata               ibigdata     000000
__Hidata                  idata        000000
__Hidloc                  idloc        200008
__Hifardata               ifardata     000000
__Hinit                   init         001018
__Hintcode                intcode      001018
__Hintcode_body           intcode_body 000000
__Hintcodelo              intcodelo    001018
__Hintentry               intentry     000000
__Hintret                 intret       000000
__Hintsave_regs           intsave_regs 000000
__Hirdata                 irdata       000000
__Hmediumconst            mediumconst  000000
__HnvFARRAM               nvFARRAM     000000
__Hnvbit                  nvbit        000000
__Hnvrram                 nvrram       000000
__Hparam                  rparam       000000
__Hpowerup                powerup      001018
__Hram                    ram          000000
__Hramtop                 ramtop       000800
__Hrbit                   rbit         000000
__Hrbss                   rbss         000000
__Hrdata                  rdata        000000
__Hreset_vec              reset_vec    001004
__Hrparam                 rparam       000000
__Hsfr                    sfr          000000
__Hsmallconst             smallconst   001072
__Hspace_0                (abs)        30000E
__Hspace_1                (abs)        000096
__Hspace_2                (abs)        000000
__Hstack                  stack        000000
__Hstruct                 struct       000000
__Htemp                   temp         000000
__Htext                   text         000000
__Htext0                  text0        000000
__Htext1                  text1        000000
__Htext10                 text10       000000
__Htext11                 text11       000000
__Htext12                 text12       000000
__Htext13                 text13       000000
__Htext14                 text14       000000
__Htext15                 text15       000000
__Htext16                 text16       000000
__Htext17                 text17       000000
__Htext18                 text18       000000
__Htext19                 text19       000000
__Htext2                  text2        000000
__Htext20                 text20       000000
__Htext21                 text21       000000
__Htext22                 text22       000000
__Htext23                 text23       000000
__Htext24                 text24       000000
__Htext25                 text25       000000
__Htext26                 text26       000000
__Htext27                 text27       000000
__Htext28                 text28       000000
__Htext29                 text29       000000
__Htext3                  text3        000000
__Htext30                 text30       000000
__Htext31                 text31       000000
__Htext32                 text32       000000
__Htext33                 text33       000000
__Htext34                 text34       000000
__Htext35                 text35       000000
__Htext37                 text37       000000
__Htext38                 text38       000000
__Htext4                  text4        000000
__Htext5                  text5        000000
__Htext6                  text6        000000
__Htext7                  text7        000000
__Htext8                  text8        000000
__Htext9                  text9        000000
__LRAM                    (abs)        000001
__Labs1                   abs1         000000
__Lbank0                  bank0        000000
__Lbank1                  bank1        000000
__Lbank2                  bank2        000000
__Lbank3                  bank3        000000
__Lbank4                  bank4        000000
__Lbank5                  bank5        000000
__Lbank6                  bank6        000000
__Lbank7                  bank7        000000
__Lbigbss                 bigbss       000000
__Lbigdata                bigdata      000000
__Lbigram                 bigram       000000
__Lbss                    bss          000000
__LbssBANK0               bssBANK0     000000
__LbssCOMRAM              bssCOMRAM    000000
__Lcinit                  cinit        000000
__Lclrtext                clrtext      000000
__Lcomram                 comram       000000
__Lconfig                 config       300000
__Lconst                  const        000000
__LcstackBANK0            cstackBANK0  000000
__LcstackCOMRAM           cstackCOMRAM 000000
__Ldata                   data         000000
__Leeprom_data            eeprom_data  000000
__Lend_init               end_init     001018
__Lfarbss                 farbss       000000
__Lfardata                fardata      000000
__Libigdata               ibigdata     000000
__Lidata                  idata        000000
__Lidloc                  idloc        200000
__Lifardata               ifardata     000000
__Linit                   init         001018
__Lintcode                intcode      001008
__Lintcode_body           intcode_body 000000
__Lintcodelo              intcodelo    001018
__Lintentry               intentry     000000
__Lintret                 intret       000000
__Lintsave_regs           intsave_regs 000000
__Lirdata                 irdata       000000
__Lmediumconst            mediumconst  000000
__LnvFARRAM               nvFARRAM     000000
__Lnvbit                  nvbit        000000
__Lnvrram                 nvrram       000000
__Lparam                  rparam       000000
__Lpowerup                powerup      001018
__Lram                    ram          000000
__Lramtop                 ramtop       000800
__Lrbit                   rbit         000000
__Lrbss                   rbss         000000
__Lrdata                  rdata        000000
__Lreset_vec              reset_vec    001000
__Lrparam                 rparam       000000
__Lsfr                    sfr          000000
__Lsmallconst             smallconst   00101C
__Lspace_0                (abs)        000000
__Lspace_1                (abs)        000000
__Lspace_2                (abs)        000000
__Lstack                  stack        000000
__Lstruct                 struct       000000
__Ltemp                   temp         000000
__Ltext                   text         000000
__Ltext0                  text0        000000
__Ltext1                  text1        000000
__Ltext10                 text10       000000
__Ltext11                 text11       000000
__Ltext12                 text12       000000
__Ltext13                 text13       000000
__Ltext14                 text14       000000
__Ltext15                 text15       000000
__Ltext16                 text16       000000
__Ltext17                 text17       000000
__Ltext18                 text18       000000
__Ltext19                 text19       000000
__Ltext2                  text2        000000
__Ltext20                 text20       000000
__Ltext21                 text21       000000
__Ltext22                 text22       000000
__Ltext23                 text23       000000
__Ltext24                 text24       000000
__Ltext25                 text25       000000
__Ltext26                 text26       000000
__Ltext27                 text27       000000
__Ltext28                 text28       000000
__Ltext29                 text29       000000
__Ltext3                  text3        000000
__Ltext30                 text30       000000
__Ltext31                 text31       000000
__Ltext32                 text32       000000
__Ltext33                 text33       000000
__Ltext34                 text34       000000
__Ltext35                 text35       000000
__Ltext37                 text37       000000
__Ltext38                 text38       000000
__Ltext4                  text4        000000
__Ltext5                  text5        000000
__Ltext6                  text6        000000
__Ltext7                  text7        000000
__Ltext8                  text8        000000
__Ltext9                  text9        000000
__S0                      (abs)        30000E
__S1                      (abs)        000096
__S2                      (abs)        000000
___awtoft                 text25       002616
___awtoft@c               cstackCOMRAM 000022
___awtoft@sign            cstackCOMRAM 000025
___ftadd                  text16       0017B2
___ftadd@exp1             cstackCOMRAM 000028
___ftadd@exp2             cstackCOMRAM 000027
___ftadd@f1               cstackCOMRAM 00001D
___ftadd@f2               cstackCOMRAM 000020
___ftadd@sign             cstackCOMRAM 000026
___ftdiv                  text24       001BA2
___ftdiv@cntr             cstackBANK0  000060
___ftdiv@exp              cstackBANK0  000064
___ftdiv@f1               cstackCOMRAM 00002C
___ftdiv@f2               cstackCOMRAM 00002F
___ftdiv@f3               cstackBANK0  000061
___ftdiv@sign             cstackBANK0  000065
___ftmul                  text18       001CA2
___ftmul@cntr             cstackCOMRAM 00002A
___ftmul@exp              cstackCOMRAM 000026
___ftmul@f1               cstackCOMRAM 00001D
___ftmul@f2               cstackCOMRAM 000020
___ftmul@f3_as_product    cstackCOMRAM 000027
___ftmul@sign             cstackCOMRAM 00002B
___ftneg                  text17       002740
___ftneg@f1               cstackCOMRAM 000015
___ftpack                 text26       001E6E
___ftpack@arg             cstackCOMRAM 000015
___ftpack@exp             cstackCOMRAM 000018
___ftpack@sign            cstackCOMRAM 000019
___ftsub                  text15       00250E
___ftsub@f1               cstackCOMRAM 000029
___ftsub@f2               cstackCOMRAM 00002C
___fttol                  text14       001A94
___fttol@exp1             cstackBANK0  000065
___fttol@f1               cstackCOMRAM 00002C
___fttol@lval             cstackBANK0  000061
___fttol@sign1            cstackBANK0  000060
___inthi_sp               stack        000000
___intlo_sp               stack        000000
___lldiv                  text12       002120
___lldiv@counter          cstackCOMRAM 000021
___lldiv@dividend         cstackCOMRAM 000015
___lldiv@divisor          cstackCOMRAM 000019
___lldiv@quotient         cstackCOMRAM 00001D
___llmod                  text11       00229E
___llmod@counter          cstackCOMRAM 00002A
___llmod@dividend         cstackCOMRAM 000022
___llmod@divisor          cstackCOMRAM 000026
___lltoft                 text13       00230E
___lltoft@c               cstackCOMRAM 00001D
___lltoft@exp             cstackCOMRAM 000025
___lwdiv                  text4        0023CC
___lwdiv@counter          cstackCOMRAM 00001B
___lwdiv@dividend         cstackCOMRAM 000015
___lwdiv@divisor          cstackCOMRAM 000017
___lwdiv@quotient         cstackCOMRAM 000019
___lwmod                  text3        0024C2
___lwmod@counter          cstackCOMRAM 000019
___lwmod@dividend         cstackCOMRAM 000015
___lwmod@divisor          cstackCOMRAM 000017
___param_bank             (abs)        000010
___rparam_used            (abs)        000001
___sp                     stack        000000
___wmul                   text23       002718
___wmul@multiplicand      cstackCOMRAM 000017
___wmul@multiplier        cstackCOMRAM 000015
___wmul@product           cstackCOMRAM 000019
__accesstop               (abs)        000060
__activetblptr            (abs)        000003
__end_of_Board_Init       text35       002476
__end_of_BusyADC          text34       0027F8
__end_of_ConvertADC       text33       0027FC
__end_of_OpenADC          text32       0023CC
__end_of_OpenPWM1         text31       0027DA
__end_of_OpenPWM2         text30       00268A
__end_of_OpenUSART        text6        00229E
__end_of_RS232            intcode_body 00222E
__end_of_ReadADC          text29       0027EA
__end_of_ReadUSART        text38       002788
__end_of_SetDCPWM1        text28       0025DA
__end_of_SetDCPWM2        text27       002596
__end_of___awtoft         text25       002652
__end_of___ftadd          text16       001976
__end_of___ftdiv          text24       001CA2
__end_of___ftmul          text18       001D9A
__end_of___ftneg          text17       002764
__end_of___ftpack         text26       001F34
__end_of___ftsub          text15       002552
__end_of___fttol          text14       001BA2
__end_of___lldiv          text12       0021AC
__end_of___llmod          text11       00230E
__end_of___lltoft         text13       00236E
__end_of___lwdiv          text4        002428
__end_of___lwmod          text3        00250E
__end_of___wmul           text23       002740
__end_of__initialization  cinit        0027C2
__end_of_atoi             text21       001E6E
__end_of_dados            text20       002718
__end_of_delay_ms_x10     text8        002616
__end_of_dpowers          smallconst   001045
__end_of_escreve_str_lcd  text19       002084
__end_of_ftoa             text9        001A94
__end_of_getsUSART        text37       0026EE
__end_of_init_lcd         text7        002120
__end_of_init_uart        text5        0026BE
__end_of_isdigit          text22       0027AA
__end_of_itoa             text1        0024C2
__end_of_main             text0        0017B2
__end_of_sprintf          text10       00148E
__end_of_utoa             text2        001FDE
__initialization          cinit        0027AA
__mediumconst             mediumconst  000000
__pbssBANK0               bssBANK0     00007F
__pbssCOMRAM              bssCOMRAM    000037
__pcinit                  cinit        0027AA
__pcstackBANK0            cstackBANK0  000060
__pcstackCOMRAM           cstackCOMRAM 000001
__pintcode                intcode      001008
__pintcode_body           intcode_body 0021AC
__psmallconst             smallconst   00101C
__ptext0                  text0        00148E
__ptext1                  text1        002476
__ptext10                 text10       001072
__ptext11                 text11       00229E
__ptext12                 text12       002120
__ptext13                 text13       00230E
__ptext14                 text14       001A94
__ptext15                 text15       00250E
__ptext16                 text16       0017B2
__ptext17                 text17       002740
__ptext18                 text18       001CA2
__ptext19                 text19       001FDE
__ptext2                  text2        001F34
__ptext20                 text20       0026EE
__ptext21                 text21       001D9A
__ptext22                 text22       002788
__ptext23                 text23       002718
__ptext24                 text24       001BA2
__ptext25                 text25       002616
__ptext26                 text26       001E6E
__ptext27                 text27       002552
__ptext28                 text28       002596
__ptext29                 text29       0027DA
__ptext3                  text3        0024C2
__ptext30                 text30       002652
__ptext31                 text31       0027C8
__ptext32                 text32       00236E
__ptext33                 text33       0027F8
__ptext34                 text34       0027EA
__ptext35                 text35       002428
__ptext37                 text37       0026BE
__ptext38                 text38       002764
__ptext4                  text4        0023CC
__ptext5                  text5        00268A
__ptext6                  text6        00222E
__ptext7                  text7        002084
__ptext8                  text8        0025DA
__ptext9                  text9        001976
__ramtop                  ramtop       000800
__size_of_Board_Init      (abs)        000000
__size_of_BusyADC         (abs)        000000
__size_of_ConvertADC      (abs)        000000
__size_of_OpenADC         (abs)        000000
__size_of_OpenPWM1        (abs)        000000
__size_of_OpenPWM2        (abs)        000000
__size_of_OpenUSART       (abs)        000000
__size_of_RS232           (abs)        000000
__size_of_ReadADC         (abs)        000000
__size_of_ReadUSART       (abs)        000000
__size_of_SetDCPWM1       (abs)        000000
__size_of_SetDCPWM2       (abs)        000000
__size_of___awtoft        (abs)        000000
__size_of___ftadd         (abs)        000000
__size_of___ftdiv         (abs)        000000
__size_of___ftmul         (abs)        000000
__size_of___ftneg         (abs)        000000
__size_of___ftpack        (abs)        000000
__size_of___ftsub         (abs)        000000
__size_of___fttol         (abs)        000000
__size_of___lldiv         (abs)        000000
__size_of___llmod         (abs)        000000
__size_of___lltoft        (abs)        000000
__size_of___lwdiv         (abs)        000000
__size_of___lwmod         (abs)        000000
__size_of___wmul          (abs)        000000
__size_of_atoi            (abs)        000000
__size_of_dados           (abs)        000000
__size_of_delay_ms_x10    (abs)        000000
__size_of_escreve_str_lcd (abs)        000000
__size_of_ftoa            (abs)        000000
__size_of_getsUSART       (abs)        000000
__size_of_init_lcd        (abs)        000000
__size_of_init_uart       (abs)        000000
__size_of_isdigit         (abs)        000000
__size_of_itoa            (abs)        000000
__size_of_main            (abs)        000000
__size_of_sprintf         (abs)        000000
__size_of_utoa            (abs)        000000
__smallconst              smallconst   00101C
_a                        bssCOMRAM    000037
_atoi                     text21       001D9A
_dados                    text20       0026EE
_delay_ms_x10             text8        0025DA
_dpowers                  smallconst   00101D
_escreve_str_lcd          text19       001FDE
_flag                     bssCOMRAM    00003D
_ftoa                     text9        001976
_getsUSART                text37       0026BE
_init_lcd                 text7        002084
_init_uart                text5        00268A
_isdigit                  text22       002788
_isdigit$1735             cstackCOMRAM 000016
_itoa                     text1        002476
_main                     text0        00148E
_rx                       bssCOMRAM    000048
_rx1                      bssCOMRAM    000044
_sprintf                  text10       001072
_status                   bssCOMRAM    00003F
_ton                      bssCOMRAM    00003A
_utoa                     text2        001F34
_valor                    bssBANK0     00007F
_valorstr                 bssCOMRAM    000041
_volt                     bssBANK0     000082
atoi@a                    cstackCOMRAM 000020
atoi@s                    cstackCOMRAM 00001B
atoi@sign                 cstackCOMRAM 00001F
dados@chr                 cstackCOMRAM 000018
dados@rw                  cstackCOMRAM 000015
delay_ms_x10@t            cstackCOMRAM 000018
delay_ms_x10@tempo        cstackCOMRAM 000015
end_of_initialization     cinit        0027C2
escreve_str_lcd@addressx  cstackCOMRAM 00001E
escreve_str_lcd@addressy  cstackCOMRAM 00001F
escreve_str_lcd@str       cstackCOMRAM 00001A
escreve_str_lcd@x         cstackCOMRAM 00001D
escreve_str_lcd@y         cstackCOMRAM 000019
ftoa@buf                  bssBANK0     000085
ftoa@cp                   cstackBANK0  00007D
ftoa@f                    cstackBANK0  000070
ftoa@l                    cstackBANK0  000079
ftoa@rem                  cstackBANK0  000075
ftoa@status               cstackBANK0  000073
getsUSART@buffer          cstackCOMRAM 000002
getsUSART@data            cstackCOMRAM 000005
getsUSART@i               cstackCOMRAM 000006
getsUSART@len             cstackCOMRAM 000004
init_uart@baudconfig      cstackCOMRAM 000018
init_uart@config          cstackCOMRAM 000019
init_uart@spbrg           cstackCOMRAM 00001A
int_func                  intcode_body 0021AC
intlevel0                 text         000000
intlevel1                 text         000000
intlevel2                 text         000000
intlevel3                 text         000000
isdigit@c                 cstackCOMRAM 000017
itoa@base                 cstackBANK0  00006A
itoa@buf                  cstackBANK0  000066
itoa@cp                   cstackCOMRAM 000035
itoa@val                  cstackBANK0  000068
sprintf@ap                cstackBANK0  000065
sprintf@c                 cstackBANK0  00006F
sprintf@f                 cstackCOMRAM 00002D
sprintf@flag              cstackBANK0  000064
sprintf@prec              cstackBANK0  00006D
sprintf@sp                cstackCOMRAM 00002B
sprintf@val               cstackBANK0  000067
sprintf@width             cstackBANK0  00006B
stackhi                   (abs)        0007FF
stacklo                   (abs)        000096
start                     init         001018
start_initialization      cinit        0027AA
utoa@base                 cstackCOMRAM 000020
utoa@buf                  cstackCOMRAM 00001C
utoa@c                    cstackCOMRAM 000024
utoa@v                    cstackCOMRAM 000022
utoa@val                  cstackCOMRAM 00001E


FUNCTION INFORMATION:

 *************** function _main *****************
 Defined at:
		line 33 in file "proton.c"
 Parameters:    Size  Location     Type
		None
 Auto vars:     Size  Location     Type
		None
 Return value:  Size  Location     Type
		None               void
 Registers used:
		wreg, fsr2l, fsr2h, status,2, status,0, tblptrl, tblptrh, tblptru, prodl, prodh, cstack
 Tracked objects:
		On entry : 
		On exit  : 
		Unchanged: 
 Data sizes:     COMRAM   BANK0   BANK1   BANK2   BANK3   BANK4   BANK5   BANK6   BANK7
      Params:         0       0       0       0       0       0       0       0       0
      Locals:         0       0       0       0       0       0       0       0       0
      Temps:          0       0       0       0       0       0       0       0       0
      Totals:         0       0       0       0       0       0       0       0       0
Total ram usage:        0 bytes
 Hardware stack levels required when called:    7
 This function calls:
		_Board_Init
		_BusyADC
		_ConvertADC
		_OpenADC
		_OpenPWM1
		_OpenPWM2
		_ReadADC
		_SetDCPWM1
		_SetDCPWM2
		___awtoft
		___ftdiv
		___ftmul
		___fttol
		_atoi
		_delay_ms_x10
		_escreve_str_lcd
		_ftoa
		_init_lcd
		_init_uart
		_itoa
 This function is called by:
		Startup code after reset
 This function uses a non-reentrant model


 *************** function _itoa *****************
 Defined at:
		line 4 in file "/opt/microchip/xc8/v1.34/sources/common/itoa.c"
 Parameters:    Size  Location     Type
  buf             2    6[BANK0 ] PTR unsigned char 
		 -> rx(3), 
  val             2    8[BANK0 ] int 
  base            2   10[BANK0 ] int 
 Auto vars:     Size  Location     Type
  cp              2   52[COMRAM] PTR unsigned char 
		 -> rx(3), 
 Return value:  Size  Location     Type
                  2    6[BANK0 ] PTR unsigned char 
 Registers used:
		wreg, fsr2l, fsr2h, status,2, status,0, cstack
 Tracked objects:
		On entry : 
		On exit  : 
		Unchanged: 
 Data sizes:     COMRAM   BANK0   BANK1   BANK2   BANK3   BANK4   BANK5   BANK6   BANK7
      Params:         0       6       0       0       0       0       0       0       0
      Locals:         2       0       0       0       0       0       0       0       0
      Temps:          0       0       0       0       0       0       0       0       0
      Totals:         2       6       0       0       0       0       0       0       0
Total ram usage:        8 bytes
 Hardware stack levels used:    1
 Hardware stack levels required when called:    5
 This function calls:
		_utoa
 This function is called by:
		_main
 This function uses a non-reentrant model


 *************** function _utoa *****************
 Defined at:
		line 17 in file "/opt/microchip/xc8/v1.34/sources/common/itoa.c"
 Parameters:    Size  Location     Type
  buf             2   27[COMRAM] PTR unsigned char 
		 -> rx(3), 
  val             2   29[COMRAM] unsigned int 
  base            2   31[COMRAM] int 
 Auto vars:     Size  Location     Type
  v               2   33[COMRAM] unsigned int 
  c               1   35[COMRAM] unsigned char 
 Return value:  Size  Location     Type
                  2   27[COMRAM] PTR unsigned char 
 Registers used:
		wreg, fsr2l, fsr2h, status,2, status,0, cstack
 Tracked objects:
		On entry : 
		On exit  : 
		Unchanged: 
 Data sizes:     COMRAM   BANK0   BANK1   BANK2   BANK3   BANK4   BANK5   BANK6   BANK7
      Params:         6       0       0       0       0       0       0       0       0
      Locals:         3       0       0       0       0       0       0       0       0
      Temps:          0       0       0       0       0       0       0       0       0
      Totals:         9       0       0       0       0       0       0       0       0
Total ram usage:        9 bytes
 Hardware stack levels used:    1
 Hardware stack levels required when called:    4
 This function calls:
		___lwdiv
		___lwmod
 This function is called by:
		_itoa
 This function uses a non-reentrant model


 *************** function ___lwmod *****************
 Defined at:
		line 8 in file "/opt/microchip/xc8/v1.34/sources/common/lwmod.c"
 Parameters:    Size  Location     Type
  dividend        2   20[COMRAM] unsigned int 
  divisor         2   22[COMRAM] unsigned int 
 Auto vars:     Size  Location     Type
  counter         1   24[COMRAM] unsigned char 
 Return value:  Size  Location     Type
                  2   20[COMRAM] unsigned int 
 Registers used:
		wreg, status,2, status,0
 Tracked objects:
		On entry : 
		On exit  : 
		Unchanged: 
 Data sizes:     COMRAM   BANK0   BANK1   BANK2   BANK3   BANK4   BANK5   BANK6   BANK7
      Params:         4       0       0       0       0       0       0       0       0
      Locals:         1       0       0       0       0       0       0       0       0
      Temps:          0       0       0       0       0       0       0       0       0
      Totals:         5       0       0       0       0       0       0       0       0
Total ram usage:        5 bytes
 Hardware stack levels used:    1
 Hardware stack levels required when called:    3
 This function calls:
		Nothing
 This function is called by:
		_utoa
 This function uses a non-reentrant model


 *************** function ___lwdiv *****************
 Defined at:
		line 8 in file "/opt/microchip/xc8/v1.34/sources/common/lwdiv.c"
 Parameters:    Size  Location     Type
  dividend        2   20[COMRAM] unsigned int 
  divisor         2   22[COMRAM] unsigned int 
 Auto vars:     Size  Location     Type
  quotient        2   24[COMRAM] unsigned int 
  counter         1   26[COMRAM] unsigned char 
 Return value:  Size  Location     Type
                  2   20[COMRAM] unsigned int 
 Registers used:
		wreg, status,2, status,0
 Tracked objects:
		On entry : 
		On exit  : 
		Unchanged: 
 Data sizes:     COMRAM   BANK0   BANK1   BANK2   BANK3   BANK4   BANK5   BANK6   BANK7
      Params:         4       0       0       0       0       0       0       0       0
      Locals:         3       0       0       0       0       0       0       0       0
      Temps:          0       0       0       0       0       0       0       0       0
      Totals:         7       0       0       0       0       0       0       0       0
Total ram usage:        7 bytes
 Hardware stack levels used:    1
 Hardware stack levels required when called:    3
 This function calls:
		Nothing
 This function is called by:
		_utoa
 This function uses a non-reentrant model


 *************** function _init_uart *****************
 Defined at:
		line 200 in file "proton.c"
 Parameters:    Size  Location     Type
		None
 Auto vars:     Size  Location     Type
  spbrg           1   25[COMRAM] unsigned char 
  config          1   24[COMRAM] unsigned char 
  baudconfig      1   23[COMRAM] unsigned char 
 Return value:  Size  Location     Type
		None               void
 Registers used:
		wreg, status,2, status,0, cstack
 Tracked objects:
		On entry : 
		On exit  : 
		Unchanged: 
 Data sizes:     COMRAM   BANK0   BANK1   BANK2   BANK3   BANK4   BANK5   BANK6   BANK7
      Params:         0       0       0       0       0       0       0       0       0
      Locals:         3       0       0       0       0       0       0       0       0
      Temps:          0       0       0       0       0       0       0       0       0
      Totals:         3       0       0       0       0       0       0       0       0
Total ram usage:        3 bytes
 Hardware stack levels used:    1
 Hardware stack levels required when called:    4
 This function calls:
		_OpenUSART
 This function is called by:
		_main
 This function uses a non-reentrant model


 *************** function _OpenUSART *****************
 Defined at:
		line 73 in file "/opt/microchip/xc8/v1.34/sources/pic18/plib/USART/uopen.c"
 Parameters:    Size  Location     Type
  config          1    wreg     unsigned char 
  spbrg           2   20[COMRAM] unsigned int 
 Auto vars:     Size  Location     Type
  config          1   22[COMRAM] unsigned char 
 Return value:  Size  Location     Type
		None               void
 Registers used:
		wreg, status,2
 Tracked objects:
		On entry : 
		On exit  : 
		Unchanged: 
 Data sizes:     COMRAM   BANK0   BANK1   BANK2   BANK3   BANK4   BANK5   BANK6   BANK7
      Params:         2       0       0       0       0       0       0       0       0
      Locals:         1       0       0       0       0       0       0       0       0
      Temps:          0       0       0       0       0       0       0       0       0
      Totals:         3       0       0       0       0       0       0       0       0
Total ram usage:        3 bytes
 Hardware stack levels used:    1
 Hardware stack levels required when called:    3
 This function calls:
		Nothing
 This function is called by:
		_init_uart
 This function uses a non-reentrant model


 *************** function _init_lcd *****************
 Defined at:
		line 62 in file "LCD8.h"
 Parameters:    Size  Location     Type
		None
 Auto vars:     Size  Location     Type
		None
 Return value:  Size  Location     Type
		None               void
 Registers used:
		wreg, status,2, status,0, cstack
 Tracked objects:
		On entry : 
		On exit  : 
		Unchanged: 
 Data sizes:     COMRAM   BANK0   BANK1   BANK2   BANK3   BANK4   BANK5   BANK6   BANK7
      Params:         0       0       0       0       0       0       0       0       0
      Locals:         0       0       0       0       0       0       0       0       0
      Temps:          1       0       0       0       0       0       0       0       0
      Totals:         1       0       0       0       0       0       0       0       0
Total ram usage:        1 bytes
 Hardware stack levels used:    1
 Hardware stack levels required when called:    4
 This function calls:
		_dados
		_delay_ms_x10
 This function is called by:
		_main
 This function uses a non-reentrant model


 *************** function _delay_ms_x10 *****************
 Defined at:
		line 39 in file "LCD8.h"
 Parameters:    Size  Location     Type
  tempo           2   20[COMRAM] int 
 Auto vars:     Size  Location     Type
  t               2   23[COMRAM] int 
 Return value:  Size  Location     Type
		None               void
 Registers used:
		wreg, status,2, status,0
 Tracked objects:
		On entry : 
		On exit  : 
		Unchanged: 
 Data sizes:     COMRAM   BANK0   BANK1   BANK2   BANK3   BANK4   BANK5   BANK6   BANK7
      Params:         2       0       0       0       0       0       0       0       0
      Locals:         2       0       0       0       0       0       0       0       0
      Temps:          1       0       0       0       0       0       0       0       0
      Totals:         5       0       0       0       0       0       0       0       0
Total ram usage:        5 bytes
 Hardware stack levels used:    1
 Hardware stack levels required when called:    3
 This function calls:
		Nothing
 This function is called by:
		_init_lcd
		_main
 This function uses a non-reentrant model


 *************** function _ftoa *****************
 Defined at:
		line 6 in file "/opt/microchip/xc8/v1.34/sources/common/ftoa.c"
 Parameters:    Size  Location     Type
  f               3   16[BANK0 ] float 
  status          2   19[BANK0 ] PTR int 
		 -> RAM(2047), 
 Auto vars:     Size  Location     Type
  l               4   25[BANK0 ] unsigned long 
  rem             4   21[BANK0 ] unsigned long 
  cp              2   29[BANK0 ] PTR unsigned char 
		 -> ftoa@buf(17), 
 Return value:  Size  Location     Type
                  2   16[BANK0 ] PTR unsigned char 
 Registers used:
		wreg, fsr2l, fsr2h, status,2, status,0, tblptrl, tblptrh, tblptru, prodl, prodh, cstack
 Tracked objects:
		On entry : 
		On exit  : 
		Unchanged: 
 Data sizes:     COMRAM   BANK0   BANK1   BANK2   BANK3   BANK4   BANK5   BANK6   BANK7
      Params:         0       5       0       0       0       0       0       0       0
      Locals:         0      10       0       0       0       0       0       0       0
      Temps:          0       0       0       0       0       0       0       0       0
      Totals:         0      15       0       0       0       0       0       0       0
Total ram usage:       15 bytes
 Hardware stack levels used:    1
 Hardware stack levels required when called:    6
 This function calls:
		___ftmul
		___ftneg
		___ftsub
		___fttol
		___lltoft
		_sprintf
 This function is called by:
		_main
 This function uses a non-reentrant model


 *************** function _sprintf *****************
 Defined at:
		line 492 in file "/opt/microchip/xc8/v1.34/sources/common/doprnt.c"
 Parameters:    Size  Location     Type
  sp              2   42[COMRAM] PTR unsigned char 
		 -> ftoa@buf(17), 
  f               2   44[COMRAM] PTR const unsigned char 
		 -> STR_7(11), 
 Auto vars:     Size  Location     Type
  val             4    7[BANK0 ] unsigned long 
  tmpval          4    0        struct .
  cp              3    0        PTR const unsigned char 
  prec            2   13[BANK0 ] int 
  width           2   11[BANK0 ] int 
  ap              2    5[BANK0 ] PTR void [1]
		 -> ?_sprintf(2), 
  len             2    0        unsigned int 
  c               1   15[BANK0 ] char 
  flag            1    4[BANK0 ] unsigned char 
 Return value:  Size  Location     Type
                  2   42[COMRAM] int 
 Registers used:
		wreg, fsr2l, fsr2h, status,2, status,0, tblptrl, tblptrh, tblptru, prodl, prodh, cstack
 Tracked objects:
		On entry : 
		On exit  : 
		Unchanged: 
 Data sizes:     COMRAM   BANK0   BANK1   BANK2   BANK3   BANK4   BANK5   BANK6   BANK7
      Params:        12       0       0       0       0       0       0       0       0
      Locals:         0      12       0       0       0       0       0       0       0
      Temps:          0       4       0       0       0       0       0       0       0
      Totals:        12      16       0       0       0       0       0       0       0
Total ram usage:       28 bytes
 Hardware stack levels used:    1
 Hardware stack levels required when called:    4
 This function calls:
		___lldiv
		___llmod
		___wmul
		_isdigit
 This function is called by:
		_ftoa
 This function uses a non-reentrant model


 *************** function ___llmod *****************
 Defined at:
		line 8 in file "/opt/microchip/xc8/v1.34/sources/common/llmod.c"
 Parameters:    Size  Location     Type
  dividend        4   33[COMRAM] unsigned long 
  divisor         4   37[COMRAM] unsigned long 
 Auto vars:     Size  Location     Type
  counter         1   41[COMRAM] unsigned char 
 Return value:  Size  Location     Type
                  4   33[COMRAM] unsigned long 
 Registers used:
		wreg, status,2, status,0
 Tracked objects:
		On entry : 
		On exit  : 
		Unchanged: 
 Data sizes:     COMRAM   BANK0   BANK1   BANK2   BANK3   BANK4   BANK5   BANK6   BANK7
      Params:         8       0       0       0       0       0       0       0       0
      Locals:         1       0       0       0       0       0       0       0       0
      Temps:          0       0       0       0       0       0       0       0       0
      Totals:         9       0       0       0       0       0       0       0       0
Total ram usage:        9 bytes
 Hardware stack levels used:    1
 Hardware stack levels required when called:    3
 This function calls:
		Nothing
 This function is called by:
		_sprintf
 This function uses a non-reentrant model


 *************** function ___lldiv *****************
 Defined at:
		line 8 in file "/opt/microchip/xc8/v1.34/sources/common/lldiv.c"
 Parameters:    Size  Location     Type
  dividend        4   20[COMRAM] unsigned long 
  divisor         4   24[COMRAM] unsigned long 
 Auto vars:     Size  Location     Type
  quotient        4   28[COMRAM] unsigned long 
  counter         1   32[COMRAM] unsigned char 
 Return value:  Size  Location     Type
                  4   20[COMRAM] unsigned long 
 Registers used:
		wreg, status,2, status,0
 Tracked objects:
		On entry : 
		On exit  : 
		Unchanged: 
 Data sizes:     COMRAM   BANK0   BANK1   BANK2   BANK3   BANK4   BANK5   BANK6   BANK7
      Params:         8       0       0       0       0       0       0       0       0
      Locals:         5       0       0       0       0       0       0       0       0
      Temps:          0       0       0       0       0       0       0       0       0
      Totals:        13       0       0       0       0       0       0       0       0
Total ram usage:       13 bytes
 Hardware stack levels used:    1
 Hardware stack levels required when called:    3
 This function calls:
		Nothing
 This function is called by:
		_sprintf
 This function uses a non-reentrant model


 *************** function ___lltoft *****************
 Defined at:
		line 35 in file "/opt/microchip/xc8/v1.34/sources/common/lltoft.c"
 Parameters:    Size  Location     Type
  c               4   28[COMRAM] unsigned long 
 Auto vars:     Size  Location     Type
  exp             1   36[COMRAM] unsigned char 
 Return value:  Size  Location     Type
                  3   28[COMRAM] float 
 Registers used:
		wreg, status,2, status,0, cstack
 Tracked objects:
		On entry : 
		On exit  : 
		Unchanged: 
 Data sizes:     COMRAM   BANK0   BANK1   BANK2   BANK3   BANK4   BANK5   BANK6   BANK7
      Params:         4       0       0       0       0       0       0       0       0
      Locals:         1       0       0       0       0       0       0       0       0
      Temps:          4       0       0       0       0       0       0       0       0
      Totals:         9       0       0       0       0       0       0       0       0
Total ram usage:        9 bytes
 Hardware stack levels used:    1
 Hardware stack levels required when called:    4
 This function calls:
		___ftpack
 This function is called by:
		_ftoa
 This function uses a non-reentrant model


 *************** function ___fttol *****************
 Defined at:
		line 44 in file "/opt/microchip/xc8/v1.34/sources/common/fttol.c"
 Parameters:    Size  Location     Type
  f1              3   43[COMRAM] float 
 Auto vars:     Size  Location     Type
  lval            4    1[BANK0 ] unsigned long 
  exp1            1    5[BANK0 ] unsigned char 
  sign1           1    0[BANK0 ] unsigned char 
 Return value:  Size  Location     Type
                  4   43[COMRAM] long 
 Registers used:
		wreg, status,2, status,0
 Tracked objects:
		On entry : 
		On exit  : 
		Unchanged: 
 Data sizes:     COMRAM   BANK0   BANK1   BANK2   BANK3   BANK4   BANK5   BANK6   BANK7
      Params:         4       0       0       0       0       0       0       0       0
      Locals:         0       6       0       0       0       0       0       0       0
      Temps:          5       0       0       0       0       0       0       0       0
      Totals:         9       6       0       0       0       0       0       0       0
Total ram usage:       15 bytes
 Hardware stack levels used:    1
 Hardware stack levels required when called:    3
 This function calls:
		Nothing
 This function is called by:
		_main
		_ftoa
 This function uses a non-reentrant model


 *************** function ___ftsub *****************
 Defined at:
		line 20 in file "/opt/microchip/xc8/v1.34/sources/common/ftsub.c"
 Parameters:    Size  Location     Type
  f1              3   40[COMRAM] float 
  f2              3   43[COMRAM] float 
 Auto vars:     Size  Location     Type
		None
 Return value:  Size  Location     Type
                  3   40[COMRAM] float 
 Registers used:
		wreg, status,2, status,0, cstack
 Tracked objects:
		On entry : 
		On exit  : 
		Unchanged: 
 Data sizes:     COMRAM   BANK0   BANK1   BANK2   BANK3   BANK4   BANK5   BANK6   BANK7
      Params:         6       0       0       0       0       0       0       0       0
      Locals:         0       0       0       0       0       0       0       0       0
      Temps:          0       0       0       0       0       0       0       0       0
      Totals:         6       0       0       0       0       0       0       0       0
Total ram usage:        6 bytes
 Hardware stack levels used:    1
 Hardware stack levels required when called:    5
 This function calls:
		___ftadd
 This function is called by:
		_ftoa
 This function uses a non-reentrant model


 *************** function ___ftadd *****************
 Defined at:
		line 86 in file "/opt/microchip/xc8/v1.34/sources/common/ftadd.c"
 Parameters:    Size  Location     Type
  f1              3   28[COMRAM] float 
  f2              3   31[COMRAM] float 
 Auto vars:     Size  Location     Type
  exp1            1   39[COMRAM] unsigned char 
  exp2            1   38[COMRAM] unsigned char 
  sign            1   37[COMRAM] unsigned char 
 Return value:  Size  Location     Type
                  3   28[COMRAM] float 
 Registers used:
		wreg, status,2, status,0, cstack
 Tracked objects:
		On entry : 
		On exit  : 
		Unchanged: 
 Data sizes:     COMRAM   BANK0   BANK1   BANK2   BANK3   BANK4   BANK5   BANK6   BANK7
      Params:         6       0       0       0       0       0       0       0       0
      Locals:         3       0       0       0       0       0       0       0       0
      Temps:          3       0       0       0       0       0       0       0       0
      Totals:        12       0       0       0       0       0       0       0       0
Total ram usage:       12 bytes
 Hardware stack levels used:    1
 Hardware stack levels required when called:    4
 This function calls:
		___ftpack
 This function is called by:
		___ftsub
 This function uses a non-reentrant model


 *************** function ___ftneg *****************
 Defined at:
		line 15 in file "/opt/microchip/xc8/v1.34/sources/common/ftneg.c"
 Parameters:    Size  Location     Type
  f1              3   20[COMRAM] float 
 Auto vars:     Size  Location     Type
		None
 Return value:  Size  Location     Type
                  3   20[COMRAM] float 
 Registers used:
		wreg, status,2, status,0
 Tracked objects:
		On entry : 
		On exit  : 
		Unchanged: 
 Data sizes:     COMRAM   BANK0   BANK1   BANK2   BANK3   BANK4   BANK5   BANK6   BANK7
      Params:         3       0       0       0       0       0       0       0       0
      Locals:         0       0       0       0       0       0       0       0       0
      Temps:          0       0       0       0       0       0       0       0       0
      Totals:         3       0       0       0       0       0       0       0       0
Total ram usage:        3 bytes
 Hardware stack levels used:    1
 Hardware stack levels required when called:    3
 This function calls:
		Nothing
 This function is called by:
		_ftoa
 This function uses a non-reentrant model


 *************** function ___ftmul *****************
 Defined at:
		line 62 in file "/opt/microchip/xc8/v1.34/sources/common/ftmul.c"
 Parameters:    Size  Location     Type
  f1              3   28[COMRAM] float 
  f2              3   31[COMRAM] float 
 Auto vars:     Size  Location     Type
  f3_as_produc    3   38[COMRAM] unsigned um
  sign            1   42[COMRAM] unsigned char 
  cntr            1   41[COMRAM] unsigned char 
  exp             1   37[COMRAM] unsigned char 
 Return value:  Size  Location     Type
                  3   28[COMRAM] float 
 Registers used:
		wreg, status,2, status,0, cstack
 Tracked objects:
		On entry : 
		On exit  : 
		Unchanged: 
 Data sizes:     COMRAM   BANK0   BANK1   BANK2   BANK3   BANK4   BANK5   BANK6   BANK7
      Params:         6       0       0       0       0       0       0       0       0
      Locals:         6       0       0       0       0       0       0       0       0
      Temps:          3       0       0       0       0       0       0       0       0
      Totals:        15       0       0       0       0       0       0       0       0
Total ram usage:       15 bytes
 Hardware stack levels used:    1
 Hardware stack levels required when called:    4
 This function calls:
		___ftpack
 This function is called by:
		_main
		_ftoa
 This function uses a non-reentrant model


 *************** function _escreve_str_lcd *****************
 Defined at:
		line 79 in file "LCD8.h"
 Parameters:    Size  Location     Type
  x               1    wreg     unsigned char 
  y               1   24[COMRAM] unsigned char 
  str             2   25[COMRAM] PTR const unsigned char 
		 -> NULL(0), ftoa@buf(17), STR_6(7), rx(3), 
		 -> STR_5(5), STR_4(5), STR_3(5), STR_2(16), 
		 -> STR_1(10), rx1(4), 
 Auto vars:     Size  Location     Type
  x               1   28[COMRAM] unsigned char 
  addressy        1   30[COMRAM] unsigned char 
  addressx        1   29[COMRAM] unsigned char 
 Return value:  Size  Location     Type
		None               void
 Registers used:
		wreg, fsr2l, fsr2h, status,2, status,0, tblptrl, tblptrh, tblptru, cstack
 Tracked objects:
		On entry : 
		On exit  : 
		Unchanged: 
 Data sizes:     COMRAM   BANK0   BANK1   BANK2   BANK3   BANK4   BANK5   BANK6   BANK7
      Params:         3       0       0       0       0       0       0       0       0
      Locals:         3       0       0       0       0       0       0       0       0
      Temps:          1       0       0       0       0       0       0       0       0
      Totals:         7       0       0       0       0       0       0       0       0
Total ram usage:        7 bytes
 Hardware stack levels used:    1
 Hardware stack levels required when called:    4
 This function calls:
		_dados
 This function is called by:
		_main
 This function uses a non-reentrant model


 *************** function _dados *****************
 Defined at:
		line 49 in file "LCD8.h"
 Parameters:    Size  Location     Type
  chr             1    wreg     unsigned char 
  rw              2   20[COMRAM] int 
 Auto vars:     Size  Location     Type
  chr             1   23[COMRAM] unsigned char 
 Return value:  Size  Location     Type
		None               void
 Registers used:
		wreg, status,2, cstack
 Tracked objects:
		On entry : 
		On exit  : 
		Unchanged: 
 Data sizes:     COMRAM   BANK0   BANK1   BANK2   BANK3   BANK4   BANK5   BANK6   BANK7
      Params:         2       0       0       0       0       0       0       0       0
      Locals:         1       0       0       0       0       0       0       0       0
      Temps:          1       0       0       0       0       0       0       0       0
      Totals:         4       0       0       0       0       0       0       0       0
Total ram usage:        4 bytes
 Hardware stack levels used:    1
 Hardware stack levels required when called:    3
 This function calls:
		Nothing
 This function is called by:
		_init_lcd
		_escreve_str_lcd
		_comando_lcd
 This function uses a non-reentrant model


 *************** function _atoi *****************
 Defined at:
		line 5 in file "/opt/microchip/xc8/v1.34/sources/common/atoi.c"
 Parameters:    Size  Location     Type
  s               2   26[COMRAM] PTR const unsigned char 
		 -> rx1(4), 
 Auto vars:     Size  Location     Type
  a               2   31[COMRAM] int 
  sign            1   30[COMRAM] unsigned char 
 Return value:  Size  Location     Type
                  2   26[COMRAM] int 
 Registers used:
		wreg, fsr2l, fsr2h, status,2, status,0, prodl, prodh, cstack
 Tracked objects:
		On entry : 
		On exit  : 
		Unchanged: 
 Data sizes:     COMRAM   BANK0   BANK1   BANK2   BANK3   BANK4   BANK5   BANK6   BANK7
      Params:         2       0       0       0       0       0       0       0       0
      Locals:         3       0       0       0       0       0       0       0       0
      Temps:          2       0       0       0       0       0       0       0       0
      Totals:         7       0       0       0       0       0       0       0       0
Total ram usage:        7 bytes
 Hardware stack levels used:    1
 Hardware stack levels required when called:    4
 This function calls:
		___wmul
		_isdigit
 This function is called by:
		_main
 This function uses a non-reentrant model


 *************** function _isdigit *****************
 Defined at:
		line 8 in file "/opt/microchip/xc8/v1.34/sources/common/isdigit.c"
 Parameters:    Size  Location     Type
  c               1    wreg     unsigned char 
 Auto vars:     Size  Location     Type
  c               1   22[COMRAM] unsigned char 
 Return value:  Size  Location     Type
		None               void
 Registers used:
		wreg, status,2, status,0
 Tracked objects:
		On entry : 
		On exit  : 
		Unchanged: 
 Data sizes:     COMRAM   BANK0   BANK1   BANK2   BANK3   BANK4   BANK5   BANK6   BANK7
      Params:         0       0       0       0       0       0       0       0       0
      Locals:         2       0       0       0       0       0       0       0       0
      Temps:          1       0       0       0       0       0       0       0       0
      Totals:         3       0       0       0       0       0       0       0       0
Total ram usage:        3 bytes
 Hardware stack levels used:    1
 Hardware stack levels required when called:    3
 This function calls:
		Nothing
 This function is called by:
		_sprintf
		_atoi
 This function uses a non-reentrant model


 *************** function ___wmul *****************
 Defined at:
		line 15 in file "/opt/microchip/xc8/v1.34/sources/common/Umul16.c"
 Parameters:    Size  Location     Type
  multiplier      2   20[COMRAM] unsigned int 
  multiplicand    2   22[COMRAM] unsigned int 
 Auto vars:     Size  Location     Type
  product         2   24[COMRAM] unsigned int 
 Return value:  Size  Location     Type
                  2   20[COMRAM] unsigned int 
 Registers used:
		wreg, status,2, status,0, prodl, prodh
 Tracked objects:
		On entry : 
		On exit  : 
		Unchanged: 
 Data sizes:     COMRAM   BANK0   BANK1   BANK2   BANK3   BANK4   BANK5   BANK6   BANK7
      Params:         4       0       0       0       0       0       0       0       0
      Locals:         2       0       0       0       0       0       0       0       0
      Temps:          0       0       0       0       0       0       0       0       0
      Totals:         6       0       0       0       0       0       0       0       0
Total ram usage:        6 bytes
 Hardware stack levels used:    1
 Hardware stack levels required when called:    3
 This function calls:
		Nothing
 This function is called by:
		_sprintf
		_atoi
 This function uses a non-reentrant model


 *************** function ___ftdiv *****************
 Defined at:
		line 54 in file "/opt/microchip/xc8/v1.34/sources/common/ftdiv.c"
 Parameters:    Size  Location     Type
  f1              3   43[COMRAM] float 
  f2              3   46[COMRAM] float 
 Auto vars:     Size  Location     Type
  f3              3    1[BANK0 ] float 
  sign            1    5[BANK0 ] unsigned char 
  exp             1    4[BANK0 ] unsigned char 
  cntr            1    0[BANK0 ] unsigned char 
 Return value:  Size  Location     Type
                  3   43[COMRAM] float 
 Registers used:
		wreg, status,2, status,0, cstack
 Tracked objects:
		On entry : 
		On exit  : 
		Unchanged: 
 Data sizes:     COMRAM   BANK0   BANK1   BANK2   BANK3   BANK4   BANK5   BANK6   BANK7
      Params:         6       0       0       0       0       0       0       0       0
      Locals:         0       6       0       0       0       0       0       0       0
      Temps:          3       0       0       0       0       0       0       0       0
      Totals:         9       6       0       0       0       0       0       0       0
Total ram usage:       15 bytes
 Hardware stack levels used:    1
 Hardware stack levels required when called:    4
 This function calls:
		___ftpack
 This function is called by:
		_main
 This function uses a non-reentrant model


 *************** function ___awtoft *****************
 Defined at:
		line 32 in file "/opt/microchip/xc8/v1.34/sources/common/awtoft.c"
 Parameters:    Size  Location     Type
  c               2   33[COMRAM] int 
 Auto vars:     Size  Location     Type
  sign            1   36[COMRAM] unsigned char 
 Return value:  Size  Location     Type
                  3   33[COMRAM] float 
 Registers used:
		wreg, status,2, status,0, cstack
 Tracked objects:
		On entry : 
		On exit  : 
		Unchanged: 
 Data sizes:     COMRAM   BANK0   BANK1   BANK2   BANK3   BANK4   BANK5   BANK6   BANK7
      Params:         3       0       0       0       0       0       0       0       0
      Locals:         1       0       0       0       0       0       0       0       0
      Temps:          0       0       0       0       0       0       0       0       0
      Totals:         4       0       0       0       0       0       0       0       0
Total ram usage:        4 bytes
 Hardware stack levels used:    1
 Hardware stack levels required when called:    4
 This function calls:
		___ftpack
 This function is called by:
		_main
 This function uses a non-reentrant model


 *************** function ___ftpack *****************
 Defined at:
		line 62 in file "/opt/microchip/xc8/v1.34/sources/common/float.c"
 Parameters:    Size  Location     Type
  arg             3   20[COMRAM] unsigned um
  exp             1   23[COMRAM] unsigned char 
  sign            1   24[COMRAM] unsigned char 
 Auto vars:     Size  Location     Type
		None
 Return value:  Size  Location     Type
                  3   20[COMRAM] float 
 Registers used:
		wreg, status,2, status,0
 Tracked objects:
		On entry : 
		On exit  : 
		Unchanged: 
 Data sizes:     COMRAM   BANK0   BANK1   BANK2   BANK3   BANK4   BANK5   BANK6   BANK7
      Params:         5       0       0       0       0       0       0       0       0
      Locals:         0       0       0       0       0       0       0       0       0
      Temps:          3       0       0       0       0       0       0       0       0
      Totals:         8       0       0       0       0       0       0       0       0
Total ram usage:        8 bytes
 Hardware stack levels used:    1
 Hardware stack levels required when called:    3
 This function calls:
		Nothing
 This function is called by:
		___awtoft
		___ftadd
		___ftdiv
		___ftmul
		___lltoft
 This function uses a non-reentrant model


 *************** function _SetDCPWM2 *****************
 Defined at:
		line 7 in file "/opt/microchip/xc8/v1.34/sources/pic18/plib/PWM/pw2setdc.c"
 Parameters:    Size  Location     Type
  dutycycle       2   52[COMRAM] unsigned int 
 Auto vars:     Size  Location     Type
  DCycle          2    8[BANK0 ] struct PWMDC
 Return value:  Size  Location     Type
		None               void
 Registers used:
		wreg, status,2, status,0
 Tracked objects:
		On entry : 
		On exit  : 
		Unchanged: 
 Data sizes:     COMRAM   BANK0   BANK1   BANK2   BANK3   BANK4   BANK5   BANK6   BANK7
      Params:         2       0       0       0       0       0       0       0       0
      Locals:         0       2       0       0       0       0       0       0       0
      Temps:          0       2       0       0       0       0       0       0       0
      Totals:         2       4       0       0       0       0       0       0       0
Total ram usage:        6 bytes
 Hardware stack levels used:    1
 Hardware stack levels required when called:    3
 This function calls:
		Nothing
 This function is called by:
		_main
 This function uses a non-reentrant model


 *************** function _SetDCPWM1 *****************
 Defined at:
		line 7 in file "/opt/microchip/xc8/v1.34/sources/pic18/plib/PWM/pw1setdc.c"
 Parameters:    Size  Location     Type
  dutycycle       2   52[COMRAM] unsigned int 
 Auto vars:     Size  Location     Type
  DCycle          2    8[BANK0 ] struct PWMDC
 Return value:  Size  Location     Type
		None               void
 Registers used:
		wreg, status,2, status,0
 Tracked objects:
		On entry : 
		On exit  : 
		Unchanged: 
 Data sizes:     COMRAM   BANK0   BANK1   BANK2   BANK3   BANK4   BANK5   BANK6   BANK7
      Params:         2       0       0       0       0       0       0       0       0
      Locals:         0       2       0       0       0       0       0       0       0
      Temps:          0       2       0       0       0       0       0       0       0
      Totals:         2       4       0       0       0       0       0       0       0
Total ram usage:        6 bytes
 Hardware stack levels used:    1
 Hardware stack levels required when called:    3
 This function calls:
		Nothing
 This function is called by:
		_main
 This function uses a non-reentrant model


 *************** function _ReadADC *****************
 Defined at:
		line 24 in file "/opt/microchip/xc8/v1.34/sources/pic18/plib/ADC/adcread.c"
 Parameters:    Size  Location     Type
		None
 Auto vars:     Size  Location     Type
		None
 Return value:  Size  Location     Type
                  2   20[COMRAM] int 
 Registers used:
		wreg, status,2
 Tracked objects:
		On entry : 
		On exit  : 
		Unchanged: 
 Data sizes:     COMRAM   BANK0   BANK1   BANK2   BANK3   BANK4   BANK5   BANK6   BANK7
      Params:         2       0       0       0       0       0       0       0       0
      Locals:         0       0       0       0       0       0       0       0       0
      Temps:          2       0       0       0       0       0       0       0       0
      Totals:         4       0       0       0       0       0       0       0       0
Total ram usage:        4 bytes
 Hardware stack levels used:    1
 Hardware stack levels required when called:    3
 This function calls:
		Nothing
 This function is called by:
		_main
 This function uses a non-reentrant model


 *************** function _OpenPWM2 *****************
 Defined at:
		line 18 in file "/opt/microchip/xc8/v1.34/sources/pic18/plib/PWM/pw2open.c"
 Parameters:    Size  Location     Type
  period          1    wreg     unsigned char 
 Auto vars:     Size  Location     Type
  period          1   20[COMRAM] unsigned char 
  ccp2mx          1   21[COMRAM] unsigned char 
  pmmode          1    0        unsigned char 
 Return value:  Size  Location     Type
		None               void
 Registers used:
		wreg, status,2, tblptrl, tblptrh, tblptru
 Tracked objects:
		On entry : 
		On exit  : 
		Unchanged: 
 Data sizes:     COMRAM   BANK0   BANK1   BANK2   BANK3   BANK4   BANK5   BANK6   BANK7
      Params:         0       0       0       0       0       0       0       0       0
      Locals:         2       0       0       0       0       0       0       0       0
      Temps:          0       0       0       0       0       0       0       0       0
      Totals:         2       0       0       0       0       0       0       0       0
Total ram usage:        2 bytes
 Hardware stack levels used:    1
 Hardware stack levels required when called:    3
 This function calls:
		Nothing
 This function is called by:
		_main
 This function uses a non-reentrant model


 *************** function _OpenPWM1 *****************
 Defined at:
		line 8 in file "/opt/microchip/xc8/v1.34/sources/pic18/plib/PWM/pw1open.c"
 Parameters:    Size  Location     Type
  period          1    wreg     unsigned char 
 Auto vars:     Size  Location     Type
  period          1   20[COMRAM] unsigned char 
 Return value:  Size  Location     Type
		None               void
 Registers used:
		wreg, status,2, status,0
 Tracked objects:
		On entry : 
		On exit  : 
		Unchanged: 
 Data sizes:     COMRAM   BANK0   BANK1   BANK2   BANK3   BANK4   BANK5   BANK6   BANK7
      Params:         0       0       0       0       0       0       0       0       0
      Locals:         1       0       0       0       0       0       0       0       0
      Temps:          0       0       0       0       0       0       0       0       0
      Totals:         1       0       0       0       0       0       0       0       0
Total ram usage:        1 bytes
 Hardware stack levels used:    1
 Hardware stack levels required when called:    3
 This function calls:
		Nothing
 This function is called by:
		_main
 This function uses a non-reentrant model


 *************** function _OpenADC *****************
 Defined at:
		line 68 in file "/opt/microchip/xc8/v1.34/sources/pic18/plib/ADC/adcopen.c"
 Parameters:    Size  Location     Type
  config          1    wreg     unsigned char 
  config2         1   20[COMRAM] unsigned char 
  portconfig      1   21[COMRAM] unsigned char 
 Auto vars:     Size  Location     Type
  config          1   24[COMRAM] unsigned char 
 Return value:  Size  Location     Type
		None               void
 Registers used:
		wreg, status,2, status,0
 Tracked objects:
		On entry : 
		On exit  : 
		Unchanged: 
 Data sizes:     COMRAM   BANK0   BANK1   BANK2   BANK3   BANK4   BANK5   BANK6   BANK7
      Params:         2       0       0       0       0       0       0       0       0
      Locals:         1       0       0       0       0       0       0       0       0
      Temps:          2       0       0       0       0       0       0       0       0
      Totals:         5       0       0       0       0       0       0       0       0
Total ram usage:        5 bytes
 Hardware stack levels used:    1
 Hardware stack levels required when called:    3
 This function calls:
		Nothing
 This function is called by:
		_main
 This function uses a non-reentrant model


 *************** function _ConvertADC *****************
 Defined at:
		line 22 in file "/opt/microchip/xc8/v1.34/sources/pic18/plib/ADC/adcconv.c"
 Parameters:    Size  Location     Type
		None
 Auto vars:     Size  Location     Type
		None
 Return value:  Size  Location     Type
		None               void
 Registers used:
		None
 Tracked objects:
		On entry : 
		On exit  : 
		Unchanged: 
 Data sizes:     COMRAM   BANK0   BANK1   BANK2   BANK3   BANK4   BANK5   BANK6   BANK7
      Params:         0       0       0       0       0       0       0       0       0
      Locals:         0       0       0       0       0       0       0       0       0
      Temps:          0       0       0       0       0       0       0       0       0
      Totals:         0       0       0       0       0       0       0       0       0
Total ram usage:        0 bytes
 Hardware stack levels used:    1
 Hardware stack levels required when called:    3
 This function calls:
		Nothing
 This function is called by:
		_main
 This function uses a non-reentrant model


 *************** function _BusyADC *****************
 Defined at:
		line 26 in file "/opt/microchip/xc8/v1.34/sources/pic18/plib/ADC/adcbusy.c"
 Parameters:    Size  Location     Type
		None
 Auto vars:     Size  Location     Type
		None
 Return value:  Size  Location     Type
                  1    wreg      unsigned char 
 Registers used:
		wreg
 Tracked objects:
		On entry : 
		On exit  : 
		Unchanged: 
 Data sizes:     COMRAM   BANK0   BANK1   BANK2   BANK3   BANK4   BANK5   BANK6   BANK7
      Params:         0       0       0       0       0       0       0       0       0
      Locals:         0       0       0       0       0       0       0       0       0
      Temps:          0       0       0       0       0       0       0       0       0
      Totals:         0       0       0       0       0       0       0       0       0
Total ram usage:        0 bytes
 Hardware stack levels used:    1
 Hardware stack levels required when called:    3
 This function calls:
		Nothing
 This function is called by:
		_main
 This function uses a non-reentrant model


 *************** function _Board_Init *****************
 Defined at:
		line 166 in file "proton.c"
 Parameters:    Size  Location     Type
		None
 Auto vars:     Size  Location     Type
		None
 Return value:  Size  Location     Type
		None               void
 Registers used:
		wreg, status,2
 Tracked objects:
		On entry : 
		On exit  : 
		Unchanged: 
 Data sizes:     COMRAM   BANK0   BANK1   BANK2   BANK3   BANK4   BANK5   BANK6   BANK7
      Params:         0       0       0       0       0       0       0       0       0
      Locals:         0       0       0       0       0       0       0       0       0
      Temps:          0       0       0       0       0       0       0       0       0
      Totals:         0       0       0       0       0       0       0       0       0
Total ram usage:        0 bytes
 Hardware stack levels used:    1
 Hardware stack levels required when called:    3
 This function calls:
		Nothing
 This function is called by:
		_main
 This function uses a non-reentrant model


 *************** function _RS232 *****************
 Defined at:
		line 26 in file "proton.c"
 Parameters:    Size  Location     Type
		None
 Auto vars:     Size  Location     Type
		None
 Return value:  Size  Location     Type
		None               void
 Registers used:
		wreg, fsr2l, fsr2h, status,2, status,0, cstack
 Tracked objects:
		On entry : 
		On exit  : 
		Unchanged: 
 Data sizes:     COMRAM   BANK0   BANK1   BANK2   BANK3   BANK4   BANK5   BANK6   BANK7
      Params:         0       0       0       0       0       0       0       0       0
      Locals:         0       0       0       0       0       0       0       0       0
      Temps:         14       0       0       0       0       0       0       0       0
      Totals:        14       0       0       0       0       0       0       0       0
Total ram usage:       14 bytes
 Hardware stack levels used:    1
 Hardware stack levels required when called:    2
 This function calls:
		_getsUSART
 This function is called by:
		Interrupt level 2
 This function uses a non-reentrant model


 *************** function _getsUSART *****************
 Defined at:
		line 14 in file "/opt/microchip/xc8/v1.34/sources/pic18/plib/USART/ugets.c"
 Parameters:    Size  Location     Type
  buffer          2    1[COMRAM] PTR unsigned char 
		 -> rx1(4), 
  len             1    3[COMRAM] unsigned char 
 Auto vars:     Size  Location     Type
  i               1    5[COMRAM] unsigned char 
  data            1    4[COMRAM] unsigned char 
 Return value:  Size  Location     Type
		None               void
 Registers used:
		wreg, fsr2l, fsr2h, status,2, status,0, cstack
 Tracked objects:
		On entry : 
		On exit  : 
		Unchanged: 
 Data sizes:     COMRAM   BANK0   BANK1   BANK2   BANK3   BANK4   BANK5   BANK6   BANK7
      Params:         3       0       0       0       0       0       0       0       0
      Locals:         2       0       0       0       0       0       0       0       0
      Temps:          0       0       0       0       0       0       0       0       0
      Totals:         5       0       0       0       0       0       0       0       0
Total ram usage:        5 bytes
 Hardware stack levels used:    1
 Hardware stack levels required when called:    1
 This function calls:
		_ReadUSART
 This function is called by:
		_RS232
 This function uses a non-reentrant model


 *************** function _ReadUSART *****************
 Defined at:
		line 15 in file "/opt/microchip/xc8/v1.34/sources/pic18/plib/USART/uread.c"
 Parameters:    Size  Location     Type
		None
 Auto vars:     Size  Location     Type
  data            1    0[COMRAM] unsigned char 
 Return value:  Size  Location     Type
                  1    wreg      unsigned char 
 Registers used:
		wreg, status,2, status,0
 Tracked objects:
		On entry : 
		On exit  : 
		Unchanged: 
 Data sizes:     COMRAM   BANK0   BANK1   BANK2   BANK3   BANK4   BANK5   BANK6   BANK7
      Params:         0       0       0       0       0       0       0       0       0
      Locals:         1       0       0       0       0       0       0       0       0
      Temps:          0       0       0       0       0       0       0       0       0
      Totals:         1       0       0       0       0       0       0       0       0
Total ram usage:        1 bytes
 Hardware stack levels used:    1
 This function calls:
		Nothing
 This function is called by:
		_getsUSART
 This function uses a non-reentrant model



MODULE INFORMATION

Module		Function		Class		Link	Load	Size
proton.c
		_Board_Init    		CODE           	2428	0000	79
		_main          		CODE           	148E	0000	805
		_init_uart     		CODE           	268A	0000	53
		_RS232         		CODE           	1008	0000	147

proton.c estimated size: 1084

/opt/microchip/xc8/v1.34/sources/common/ftadd.c
		___ftadd       		CODE           	17B2	0000	453

/opt/microchip/xc8/v1.34/sources/common/ftadd.c estimated size: 453

LCD8.h
		_init_lcd      		CODE           	2084	0000	157
		_escreve_str_lc		CODE           	1FDE	0000	167
		_delay_ms_x10  		CODE           	25DA	0000	61
		_dados         		CODE           	26EE	0000	43

LCD8.h estimated size: 428

/opt/microchip/xc8/v1.34/sources/common/isdigit.c
		_isdigit       		CODE           	2788	0000	35

/opt/microchip/xc8/v1.34/sources/common/isdigit.c estimated size: 35

/opt/microchip/xc8/v1.34/sources/common/ftoa.c
		_ftoa          		CODE           	1976	0000	287

/opt/microchip/xc8/v1.34/sources/common/ftoa.c estimated size: 287

/opt/microchip/xc8/v1.34/sources/pic18/plib/PWM/pw1setdc.c
		_SetDCPWM1     		CODE           	2596	0000	69

/opt/microchip/xc8/v1.34/sources/pic18/plib/PWM/pw1setdc.c estimated size: 69

/opt/microchip/xc8/v1.34/sources/pic18/plib/USART/ugets.c
		_getsUSART     		CODE           	26BE	0000	49

/opt/microchip/xc8/v1.34/sources/pic18/plib/USART/ugets.c estimated size: 49

/opt/microchip/xc8/v1.34/sources/common/awtoft.c
		___awtoft      		CODE           	2616	0000	61

/opt/microchip/xc8/v1.34/sources/common/awtoft.c estimated size: 61

/opt/microchip/xc8/v1.34/sources/pic18/plib/PWM/pw1open.c
		_OpenPWM1      		CODE           	27C8	0000	19

/opt/microchip/xc8/v1.34/sources/pic18/plib/PWM/pw1open.c estimated size: 19

/opt/microchip/xc8/v1.34/sources/common/ftneg.c
		___ftneg       		CODE           	2740	0000	37

/opt/microchip/xc8/v1.34/sources/common/ftneg.c estimated size: 37

/opt/microchip/xc8/v1.34/sources/common/doprnt.c
		_sprintf       		CODE           	1072	0000	1053

/opt/microchip/xc8/v1.34/sources/common/doprnt.c estimated size: 1053

/opt/microchip/xc8/v1.34/sources/common/ftsub.c
		___ftsub       		CODE           	250E	0000	69

/opt/microchip/xc8/v1.34/sources/common/ftsub.c estimated size: 69

/opt/microchip/xc8/v1.34/sources/common/float.c
		___ftpack      		CODE           	1E6E	0000	199

/opt/microchip/xc8/v1.34/sources/common/float.c estimated size: 199

/opt/microchip/xc8/v1.34/sources/common/lltoft.c
		___lltoft      		CODE           	230E	0000	97

/opt/microchip/xc8/v1.34/sources/common/lltoft.c estimated size: 97

/opt/microchip/xc8/v1.34/sources/common/lwmod.c
		___lwmod       		CODE           	24C2	0000	77

/opt/microchip/xc8/v1.34/sources/common/lwmod.c estimated size: 77

/opt/microchip/xc8/v1.34/sources/pic18/plib/ADC/adcbusy.c
		_BusyADC       		CODE           	27EA	0000	15

/opt/microchip/xc8/v1.34/sources/pic18/plib/ADC/adcbusy.c estimated size: 15

/opt/microchip/xc8/v1.34/sources/common/llmod.c
		___llmod       		CODE           	229E	0000	113

/opt/microchip/xc8/v1.34/sources/common/llmod.c estimated size: 113

/opt/microchip/xc8/v1.34/sources/pic18/plib/ADC/adcopen.c
		_OpenADC       		CODE           	236E	0000	95

/opt/microchip/xc8/v1.34/sources/pic18/plib/ADC/adcopen.c estimated size: 95

/opt/microchip/xc8/v1.34/sources/pic18/plib/USART/uopen.c
		_OpenUSART     		CODE           	222E	0000	113

/opt/microchip/xc8/v1.34/sources/pic18/plib/USART/uopen.c estimated size: 113

/opt/microchip/xc8/v1.34/sources/common/atoi.c
		_atoi          		CODE           	1D9A	0000	213

/opt/microchip/xc8/v1.34/sources/common/atoi.c estimated size: 213

/opt/microchip/xc8/v1.34/sources/common/ftmul.c
		___ftmul       		CODE           	1CA2	0000	249

/opt/microchip/xc8/v1.34/sources/common/ftmul.c estimated size: 249

/opt/microchip/xc8/v1.34/sources/common/Umul16.c
		___wmul        		CODE           	2718	0000	41

/opt/microchip/xc8/v1.34/sources/common/Umul16.c estimated size: 41

shared
		_dpowers       		SMALLCONST     	101D	0000	41
		__initializatio		CODE           	27AA	0000	25

shared estimated size: 66

/opt/microchip/xc8/v1.34/sources/common/ftdiv.c
		___ftdiv       		CODE           	1BA2	0000	257

/opt/microchip/xc8/v1.34/sources/common/ftdiv.c estimated size: 257

/opt/microchip/xc8/v1.34/sources/pic18/plib/PWM/pw2open.c
		_OpenPWM2      		CODE           	2652	0000	57

/opt/microchip/xc8/v1.34/sources/pic18/plib/PWM/pw2open.c estimated size: 57

/opt/microchip/xc8/v1.34/sources/common/lwdiv.c
		___lwdiv       		CODE           	23CC	0000	93

/opt/microchip/xc8/v1.34/sources/common/lwdiv.c estimated size: 93

/opt/microchip/xc8/v1.34/sources/pic18/plib/ADC/adcread.c
		_ReadADC       		CODE           	27DA	0000	17

/opt/microchip/xc8/v1.34/sources/pic18/plib/ADC/adcread.c estimated size: 17

/opt/microchip/xc8/v1.34/sources/pic18/plib/USART/uread.c
		_ReadUSART     		CODE           	2764	0000	37

/opt/microchip/xc8/v1.34/sources/pic18/plib/USART/uread.c estimated size: 37

/opt/microchip/xc8/v1.34/sources/common/lldiv.c
		___lldiv       		CODE           	2120	0000	141

/opt/microchip/xc8/v1.34/sources/common/lldiv.c estimated size: 141

/opt/microchip/xc8/v1.34/sources/pic18/plib/PWM/pw2setdc.c
		_SetDCPWM2     		CODE           	2552	0000	69

/opt/microchip/xc8/v1.34/sources/pic18/plib/PWM/pw2setdc.c estimated size: 69

/opt/microchip/xc8/v1.34/sources/common/itoa.c
		_itoa          		CODE           	2476	0000	77
		_utoa          		CODE           	1F34	0000	171

/opt/microchip/xc8/v1.34/sources/common/itoa.c estimated size: 248

/opt/microchip/xc8/v1.34/sources/common/fttol.c
		___fttol       		CODE           	1A94	0000	271

/opt/microchip/xc8/v1.34/sources/common/fttol.c estimated size: 271

/opt/microchip/xc8/v1.34/sources/pic18/plib/ADC/adcconv.c
		_ConvertADC    		CODE           	27F8	0000	5

/opt/microchip/xc8/v1.34/sources/pic18/plib/ADC/adcconv.c estimated size: 5

